src/app/middlewares/checkAuth.ts(70,9): error TS2322: Type 'ObjectId' is not assignable to type 'string'.
src/app/modules/Truck/truck.controller.ts(13,18): error TS18048: 'req.user' is possibly 'undefined'.
src/app/modules/Truck/truck.controller.ts(54,18): error TS18048: 'req.user' is possibly 'undefined'.
src/app/modules/Truck/truck.controller.ts(101,18): error TS18048: 'req.user' is possibly 'undefined'.
src/app/modules/user/user.controller.ts(129,14): error TS18048: 'req.user' is possibly 'undefined'.
